[    0.000000] Linux version 4.15.0-171-generic (buildd@ubuntu) (gcc version 7.5.0 (Ubuntu 7.5.0-3ubuntu1~18.04)) #180-Ubuntu SMP Wed Mar 2 17:25:05 UTC 2022 (Ubuntu 4.15.0-171.180-generic 4.15.18)
[    0.000000] Command line: BOOT_IMAGE=/boot/vmlinuz-4.15.0-171-generic root=LABEL=cloudimg-rootfs ro console=tty1 console=ttyS0
[    0.000000] KERNEL supported cpus:
[    0.000000]   Intel GenuineIntel
[    0.000000]   AMD AuthenticAMD
[    0.000000]   Centaur CentaurHauls
[    0.000000] x86/fpu: Supporting XSAVE feature 0x001: 'x87 floating point registers'
[    0.000000] x86/fpu: Supporting XSAVE feature 0x002: 'SSE registers'
[    0.000000] x86/fpu: Supporting XSAVE feature 0x004: 'AVX registers'
[    0.000000] x86/fpu: xstate_offset[2]:  576, xstate_sizes[2]:  256
[    0.000000] x86/fpu: Enabled xstate features 0x7, context size is 832 bytes, using 'standard' format.
[    0.000000] e820: BIOS-provided physical RAM map:
[    0.000000] BIOS-e820: [mem 0x0000000000000000-0x000000000009fbff] usable
[    0.000000] BIOS-e820: [mem 0x000000000009fc00-0x000000000009ffff] reserved
[    0.000000] BIOS-e820: [mem 0x00000000000f0000-0x00000000000fffff] reserved
[    0.000000] BIOS-e820: [mem 0x0000000000100000-0x000000003ffeffff] usable
[    0.000000] BIOS-e820: [mem 0x000000003fff0000-0x000000003fffffff] ACPI data
[    0.000000] BIOS-e820: [mem 0x00000000fec00000-0x00000000fec00fff] reserved
[    0.000000] BIOS-e820: [mem 0x00000000fee00000-0x00000000fee00fff] reserved
[    0.000000] BIOS-e820: [mem 0x00000000fffc0000-0x00000000ffffffff] reserved
[    0.000000] NX (Execute Disable) protection: active
[    0.000000] SMBIOS 2.5 present.
[    0.000000] DMI: innotek GmbH VirtualBox/VirtualBox, BIOS VirtualBox 12/01/2006
[    0.000000] Hypervisor detected: KVM
[    0.000000] e820: last_pfn = 0x3fff0 max_arch_pfn = 0x400000000
[    0.000000] MTRR: Disabled
[    0.000000] x86/PAT: MTRRs disabled, skipping PAT initialization too.
[    0.000000] CPU MTRRs all blank - virtualized system.
[    0.000000] x86/PAT: Configuration [0-7]: WB  WT  UC- UC  WB  WT  UC- UC  
[    0.000000] found SMP MP-table at [mem 0x0009fff0-0x0009ffff]
[    0.000000] Scanning 1 areas for low memory corruption
[    0.000000] RAMDISK: [mem 0x359cb000-0x36cdcfff]
[    0.000000] ACPI: Early table checksum verification disabled
[    0.000000] ACPI: RSDP 0x00000000000E0000 000024 (v02 VBOX  )
[    0.000000] ACPI: XSDT 0x000000003FFF0030 00003C (v01 VBOX   VBOXXSDT 00000001 ASL  00000061)
[    0.000000] ACPI: FACP 0x000000003FFF00F0 0000F4 (v04 VBOX   VBOXFACP 00000001 ASL  00000061)
[    0.000000] ACPI: DSDT 0x000000003FFF0470 002325 (v02 VBOX   VBOXBIOS 00000002 INTL 20100528)
[    0.000000] ACPI: FACS 0x000000003FFF0200 000040
[    0.000000] ACPI: FACS 0x000000003FFF0200 000040
[    0.000000] ACPI: APIC 0x000000003FFF0240 00005C (v02 VBOX   VBOXAPIC 00000001 ASL  00000061)
[    0.000000] ACPI: SSDT 0x000000003FFF02A0 0001CC (v01 VBOX   VBOXCPUT 00000002 INTL 20100528)
[    0.000000] ACPI: Reserving FACP table memory at [mem 0x3fff00f0-0x3fff01e3]
[    0.000000] ACPI: Reserving DSDT table memory at [mem 0x3fff0470-0x3fff2794]
[    0.000000] ACPI: Reserving FACS table memory at [mem 0x3fff0200-0x3fff023f]
[    0.000000] ACPI: Reserving FACS table memory at [mem 0x3fff0200-0x3fff023f]
[    0.000000] ACPI: Reserving APIC table memory at [mem 0x3fff0240-0x3fff029b]
[    0.000000] ACPI: Reserving SSDT table memory at [mem 0x3fff02a0-0x3fff046b]
[    0.000000] No NUMA configuration found
[    0.000000] Faking a node at [mem 0x0000000000000000-0x000000003ffeffff]
[    0.000000] NODE_DATA(0) allocated [mem 0x3ffc5000-0x3ffeffff]
[    0.000000] kvm-clock: cpu 0, msr 0:3ff44001, primary cpu clock
[    0.000000] kvm-clock: Using msrs 4b564d01 and 4b564d00
[    0.000000] kvm-clock: using sched offset of 6370161540 cycles
[    0.000000] clocksource: kvm-clock: mask: 0xffffffffffffffff max_cycles: 0x1cd42e4dffb, max_idle_ns: 881590591483 ns
[    0.000000] Zone ranges:
[    0.000000]   DMA      [mem 0x0000000000001000-0x0000000000ffffff]
[    0.000000]   DMA32    [mem 0x0000000001000000-0x000000003ffeffff]
[    0.000000]   Normal   empty
[    0.000000]   Device   empty
[    0.000000] Movable zone start for each node
[    0.000000] Early memory node ranges
[    0.000000]   node   0: [mem 0x0000000000001000-0x000000000009efff]
[    0.000000]   node   0: [mem 0x0000000000100000-0x000000003ffeffff]
[    0.000000] Reserved but unavailable: 104 pages
[    0.000000] Initmem setup node 0 [mem 0x0000000000001000-0x000000003ffeffff]
[    0.000000] ACPI: PM-Timer IO Port: 0x4008
[    0.000000] IOAPIC[0]: apic_id 2, version 32, address 0xfec00000, GSI 0-23
[    0.000000] ACPI: INT_SRC_OVR (bus 0 bus_irq 0 global_irq 2 dfl dfl)
[    0.000000] ACPI: INT_SRC_OVR (bus 0 bus_irq 9 global_irq 9 low level)
[    0.000000] Using ACPI (MADT) for SMP configuration information
[    0.000000] smpboot: Allowing 2 CPUs, 0 hotplug CPUs
[    0.000000] PM: Registered nosave memory: [mem 0x00000000-0x00000fff]
[    0.000000] PM: Registered nosave memory: [mem 0x0009f000-0x0009ffff]
[    0.000000] PM: Registered nosave memory: [mem 0x000a0000-0x000effff]
[    0.000000] PM: Registered nosave memory: [mem 0x000f0000-0x000fffff]
[    0.000000] e820: [mem 0x40000000-0xfebfffff] available for PCI devices
[    0.000000] Booting paravirtualized kernel on KVM
[    0.000000] clocksource: refined-jiffies: mask: 0xffffffff max_cycles: 0xffffffff, max_idle_ns: 7645519600211568 ns
[    0.000000] random: get_random_bytes called from start_kernel+0x99/0x500 with crng_init=0
[    0.000000] setup_percpu: NR_CPUS:8192 nr_cpumask_bits:2 nr_cpu_ids:2 nr_node_ids:1
[    0.000000] percpu: Embedded 50 pages/cpu s167936 r8192 d28672 u1048576
[    0.000000] PV qspinlock hash table entries: 256 (order: 0, 4096 bytes)
[    0.000000] Built 1 zonelists, mobility grouping on.  Total pages: 257913
[    0.000000] Policy zone: DMA32
[    0.000000] Kernel command line: BOOT_IMAGE=/boot/vmlinuz-4.15.0-171-generic root=LABEL=cloudimg-rootfs ro console=tty1 console=ttyS0
[    0.000000] Memory: 982640K/1048120K available (12300K kernel code, 2483K rwdata, 4324K rodata, 2476K init, 2724K bss, 65480K reserved, 0K cma-reserved)
[    0.000000] SLUB: HWalign=64, Order=0-3, MinObjects=0, CPUs=2, Nodes=1
[    0.000000] Kernel/User page tables isolation: enabled
[    0.000000] ftrace: allocating 39503 entries in 155 pages
[    0.004000] Hierarchical RCU implementation.
[    0.004000] 	RCU restricting CPUs from NR_CPUS=8192 to nr_cpu_ids=2.
[    0.004000] 	Tasks RCU enabled.
[    0.004000] RCU: Adjusting geometry for rcu_fanout_leaf=16, nr_cpu_ids=2
[    0.004000] NR_IRQS: 524544, nr_irqs: 440, preallocated irqs: 16
[    0.004000] Console: colour VGA+ 80x25
[    0.004000] console [tty1] enabled
[    0.004000] console [ttyS0] enabled
[    0.004000] ACPI: Core revision 20170831
[    0.004000] ACPI: 2 ACPI AML tables successfully acquired and loaded
[    0.004000] APIC: Switch to symmetric I/O mode setup
[    0.004000] x2apic enabled
[    0.004000] Switched APIC routing to physical x2apic.
[    0.004000] ..TIMER: vector=0x30 apic1=0 pin1=2 apic2=-1 pin2=-1
[    0.004005] tsc: Detected 1800.000 MHz processor
[    0.005074] Calibrating delay loop (skipped) preset value.. 3600.00 BogoMIPS (lpj=7200000)
[    0.008003] pid_max: default: 32768 minimum: 301
[    0.009050] Security Framework initialized
[    0.009998] Yama: becoming mindful.
[    0.012026] AppArmor: AppArmor initialized
[    0.013210] Dentry cache hash table entries: 131072 (order: 8, 1048576 bytes)
[    0.014897] Inode-cache hash table entries: 65536 (order: 7, 524288 bytes)
[    0.016014] Mount-cache hash table entries: 2048 (order: 2, 16384 bytes)
[    0.017415] Mountpoint-cache hash table entries: 2048 (order: 2, 16384 bytes)
[    0.019206] Last level iTLB entries: 4KB 64, 2MB 8, 4MB 8
[    0.020002] Last level dTLB entries: 4KB 64, 2MB 0, 4MB 0, 1GB 4
[    0.021314] Spectre V1 : Mitigation: usercopy/swapgs barriers and __user pointer sanitization
[    0.024003] Spectre V2 : Mitigation: Retpolines
[    0.025076] Spectre V2 : Spectre v2 / SpectreRSB mitigation: Filling RSB on context switch
[    0.026826] Speculative Store Bypass: Vulnerable
[    0.027833] SRBDS: Unknown: Dependent on hypervisor status
[    0.028002] MDS: Mitigation: Clear CPU buffers
[    0.029164] Freeing SMP alternatives memory: 36K
[    0.141391] smpboot: CPU0: Intel(R) Core(TM) i5-8250U CPU @ 1.60GHz (family: 0x6, model: 0x8e, stepping: 0xa)
[    0.143585] Performance Events: unsupported p6 CPU model 142 no PMU driver, software events only.
[    0.144000] Hierarchical SRCU implementation.
[    0.144727] NMI watchdog: Perf event create on CPU 0 failed with -2
[    0.146059] NMI watchdog: Perf NMI watchdog permanently disabled
[    0.148045] smp: Bringing up secondary CPUs ...
[    0.149162] x86: Booting SMP configuration:
[    0.150117] .... node  #0, CPUs:      #1
[    0.004000] kvm-clock: cpu 1, msr 0:3ff44041, secondary cpu clock
[    0.154369] smp: Brought up 1 node, 2 CPUs
[    0.154369] smpboot: Max logical packages: 1
[    0.156005] smpboot: Total of 2 processors activated (7200.00 BogoMIPS)
[    0.157505] devtmpfs: initialized
[    0.157505] x86/mm: Memory block size: 128MB
[    0.158004] evm: security.selinux
[    0.160003] evm: security.SMACK64
[    0.160937] evm: security.SMACK64EXEC
[    0.161833] evm: security.SMACK64TRANSMUTE
[    0.164003] evm: security.SMACK64MMAP
[    0.164854] evm: security.apparmor
[    0.165654] evm: security.ima
[    0.166439] evm: security.capability
[    0.170514] clocksource: jiffies: mask: 0xffffffff max_cycles: 0xffffffff, max_idle_ns: 7645041785100000 ns
[    0.170514] futex hash table entries: 512 (order: 3, 32768 bytes)
[    0.172052] pinctrl core: initialized pinctrl subsystem
[    0.176073] RTC time:  5:40:31, date: 03/21/22
[    0.177285] NET: Registered protocol family 16
[    0.180113] audit: initializing netlink subsys (disabled)
[    0.181584] audit: type=2000 audit(1647841239.322:1): state=initialized audit_enabled=0 res=1
[    0.184016] cpuidle: using governor ladder
[    0.184953] cpuidle: using governor menu
[    0.185945] ACPI: bus type PCI registered
[    0.186940] acpiphp: ACPI Hot Plug PCI Controller Driver version: 0.5
[    0.188106] PCI: Using configuration type 1 for base access
[    0.189338] HugeTLB registered 2.00 MiB page size, pre-allocated 0 pages
[    0.192073] ACPI: Added _OSI(Module Device)
[    0.193233] ACPI: Added _OSI(Processor Device)
[    0.196004] ACPI: Added _OSI(3.0 _SCP Extensions)
[    0.197068] ACPI: Added _OSI(Processor Aggregator Device)
[    0.198217] ACPI: Added _OSI(Linux-Dell-Video)
[    0.199280] ACPI: Added _OSI(Linux-Lenovo-NV-HDMI-Audio)
[    0.200002] ACPI: Added _OSI(Linux-HPI-Hybrid-Graphics)
[    0.201513] ACPI: Executed 1 blocks of module-level executable AML code
[    0.206753] ACPI: Interpreter enabled
[    0.208014] ACPI: (supports S0 S5)
[    0.208812] ACPI: Using IOAPIC for interrupt routing
[    0.210291] PCI: Using host bridge windows from ACPI; if necessary, use "pci=nocrs" and report a bug
[    0.212244] ACPI: Enabled 2 GPEs in block 00 to 07
[    0.221375] ACPI: PCI Root Bridge [PCI0] (domain 0000 [bus 00-ff])
[    0.222722] acpi PNP0A03:00: _OSC: OS supports [ASPM ClockPM Segments MSI]
[    0.224639] acpi PNP0A03:00: _OSC: not requesting OS control; OS requires [ExtendedConfig ASPM ClockPM MSI]
[    0.227115] acpi PNP0A03:00: fail to add MMCONFIG information, can't access extended PCI configuration space under this bridge.
[    0.228565] PCI host bridge to bus 0000:00
[    0.229616] pci_bus 0000:00: root bus resource [io  0x0000-0x0cf7 window]
[    0.232004] pci_bus 0000:00: root bus resource [io  0x0d00-0xffff window]
[    0.233826] pci_bus 0000:00: root bus resource [mem 0x000a0000-0x000bffff window]
[    0.236005] pci_bus 0000:00: root bus resource [mem 0x40000000-0xfdffffff window]
[    0.240007] pci_bus 0000:00: root bus resource [bus 00-ff]
[    0.245213] pci 0000:00:01.1: legacy IDE quirk: reg 0x10: [io  0x01f0-0x01f7]
[    0.246742] pci 0000:00:01.1: legacy IDE quirk: reg 0x14: [io  0x03f6]
[    0.248000] pci 0000:00:01.1: legacy IDE quirk: reg 0x18: [io  0x0170-0x0177]
[    0.248004] pci 0000:00:01.1: legacy IDE quirk: reg 0x1c: [io  0x0376]
[    0.272641] pci 0000:00:07.0: quirk: [io  0x4000-0x403f] claimed by PIIX4 ACPI
[    0.274500] pci 0000:00:07.0: quirk: [io  0x4100-0x410f] claimed by PIIX4 SMB
[    0.284035] ACPI: PCI Interrupt Link [LNKA] (IRQs 5 9 10 *11)
[    0.285849] ACPI: PCI Interrupt Link [LNKB] (IRQs 5 9 *10 11)
[    0.287378] ACPI: PCI Interrupt Link [LNKC] (IRQs 5 *9 10 11)
[    0.288185] ACPI: PCI Interrupt Link [LNKD] (IRQs 5 9 10 *11)
[    0.290217] SCSI subsystem initialized
[    0.292065] pci 0000:00:02.0: vgaarb: setting as boot VGA device
[    0.293492] pci 0000:00:02.0: vgaarb: VGA device added: decodes=io+mem,owns=io+mem,locks=none
[    0.296017] pci 0000:00:02.0: vgaarb: bridge control possible
[    0.297378] vgaarb: loaded
[    0.298347] ACPI: bus type USB registered
[    0.299382] usbcore: registered new interface driver usbfs
[    0.300035] usbcore: registered new interface driver hub
[    0.301572] usbcore: registered new device driver usb
[    0.304082] EDAC MC: Ver: 3.0.0
[    0.305215] PCI: Using ACPI for IRQ routing
[    0.305624] NetLabel: Initializing
[    0.308029] NetLabel:  domain hash size = 128
[    0.309298] NetLabel:  protocols = UNLABELED CIPSOv4 CALIPSO
[    0.310860] NetLabel:  unlabeled traffic allowed by default
[    0.312139] clocksource: Switched to clocksource kvm-clock
[    0.332866] VFS: Disk quotas dquot_6.6.0
[    0.334298] VFS: Dquot-cache hash table entries: 512 (order 0, 4096 bytes)
[    0.337446] AppArmor: AppArmor Filesystem Enabled
[    0.339007] pnp: PnP ACPI init
[    0.341123] pnp: PnP ACPI: found 3 devices
[    0.353257] clocksource: acpi_pm: mask: 0xffffff max_cycles: 0xffffff, max_idle_ns: 2085701024 ns
[    0.355318] NET: Registered protocol family 2
[    0.356343] IP idents hash table entries: 16384 (order: 5, 131072 bytes)
[    0.361934] TCP established hash table entries: 8192 (order: 4, 65536 bytes)
[    0.364016] TCP bind hash table entries: 8192 (order: 5, 131072 bytes)
[    0.365497] TCP: Hash tables configured (established 8192 bind 8192)
[    0.366934] UDP hash table entries: 512 (order: 2, 16384 bytes)
[    0.368189] UDP-Lite hash table entries: 512 (order: 2, 16384 bytes)
[    0.369562] NET: Registered protocol family 1
[    0.370534] pci 0000:00:00.0: Limiting direct PCI/PCI transfers
[    0.371925] pci 0000:00:01.0: Activating ISA DMA hang workarounds
[    0.373322] pci 0000:00:02.0: Video device with shadowed ROM at [mem 0x000c0000-0x000dffff]
[    0.375417] Unpacking initramfs...
[    0.703650] Freeing initrd memory: 19528K
[    0.704895] clocksource: tsc: mask: 0xffffffffffffffff max_cycles: 0x19f2297dd97, max_idle_ns: 440795236593 ns
[    0.706981] platform rtc_cmos: registered platform RTC device (no PNP device found)
[    0.708855] Scanning for low memory corruption every 60 seconds
[    0.711034] Initialise system trusted keyrings
[    0.712068] Key type blacklist registered
[    0.713150] workingset: timestamp_bits=36 max_order=18 bucket_order=0
[    0.715635] zbud: loaded
[    0.716952] squashfs: version 4.0 (2009/01/31) Phillip Lougher
[    0.718614] fuse init (API version 7.26)
[    0.723293] Key type asymmetric registered
[    0.724199] Asymmetric key parser 'x509' registered
[    0.725282] Block layer SCSI generic (bsg) driver version 0.4 loaded (major 246)
[    0.726990] io scheduler noop registered
[    0.727877] io scheduler deadline registered
[    0.728931] io scheduler cfq registered (default)
[    0.730212] ACPI: AC Adapter [AC] (off-line)
[    0.731172] input: Power Button as /devices/LNXSYSTM:00/LNXPWRBN:00/input/input0
[    0.732927] ACPI: Power Button [PWRF]
[    0.733807] input: Sleep Button as /devices/LNXSYSTM:00/LNXSLPBN:00/input/input1
[    0.735360] ACPI: Sleep Button [SLPF]
[    0.737520] ACPI: Battery Slot [BAT0] (battery present)
[    0.738657] Serial: 8250/16550 driver, 32 ports, IRQ sharing enabled
[    0.761023] 00:02: ttyS0 at I/O 0x3f8 (irq = 4, base_baud = 115200) is a 16550A
[    0.767568] Linux agpgart interface v0.103
[    0.770369] loop: module loaded
[    0.771774] scsi host0: ata_piix
[    0.772764] scsi host1: ata_piix
[    0.773549] ata1: PATA max UDMA/33 cmd 0x1f0 ctl 0x3f6 bmdma 0xd000 irq 14
[    0.775014] ata2: PATA max UDMA/33 cmd 0x170 ctl 0x376 bmdma 0xd008 irq 15
[    0.776547] libphy: Fixed MDIO Bus: probed
[    0.777528] tun: Universal TUN/TAP device driver, 1.6
[    0.778785] PPP generic driver version 2.4.2
[    0.780023] ehci_hcd: USB 2.0 'Enhanced' Host Controller (EHCI) Driver
[    0.781448] ehci-pci: EHCI PCI platform driver
[    0.782619] ehci-platform: EHCI generic platform driver
[    0.783755] ohci_hcd: USB 1.1 'Open' Host Controller (OHCI) Driver
[    0.785143] ohci-pci: OHCI PCI platform driver
[    0.786139] ohci-platform: OHCI generic platform driver
[    0.787275] uhci_hcd: USB Universal Host Controller Interface driver
[    0.788827] i8042: PNP: PS/2 Controller [PNP0303:PS2K,PNP0f03:PS2M] at 0x60,0x64 irq 1,12
[    0.791102] serio: i8042 KBD port at 0x60,0x64 irq 1
[    0.792267] serio: i8042 AUX port at 0x60,0x64 irq 12
[    0.793889] mousedev: PS/2 mouse device common for all mice
[    0.796030] rtc_cmos rtc_cmos: rtc core: registered rtc_cmos as rtc0
[    0.797521] rtc_cmos rtc_cmos: alarms up to one day, 114 bytes nvram
[    0.798958] input: AT Translated Set 2 keyboard as /devices/platform/i8042/serio0/input/input2
[    0.800915] i2c /dev entries driver
[    0.801995] device-mapper: uevent: version 1.0.3
[    0.803182] device-mapper: ioctl: 4.37.0-ioctl (2017-09-20) initialised: dm-devel@redhat.com
[    0.805233] ledtrig-cpu: registered to indicate activity on CPUs
[    0.807335] NET: Registered protocol family 10
[    0.812919] Segment Routing with IPv6
[    0.813822] NET: Registered protocol family 17
[    0.815039] Key type dns_resolver registered
[    0.816363] mce: Using 0 MCE banks
[    0.817181] RAS: Correctable Errors collector initialized.
[    0.818382] sched_clock: Marking stable (816332370, 0)->(1025059459, -208727089)
[    0.820824] registered taskstats version 1
[    0.821761] Loading compiled-in X.509 certificates
[    0.825499] Loaded X.509 cert 'Build time autogenerated kernel key: af32452646252a8bcb28446c2c4754d4174d97ad'
[    0.828125] Loaded X.509 cert 'Canonical Ltd. Live Patch Signing: 14df34d1a87cf37625abec039ef2bf521249b969'
[    0.830651] Loaded X.509 cert 'Canonical Ltd. Kernel Module Signing: 88f752e560a1e0737e31163a466ad7b70a850c19'
[    0.833583] blacklist: Loading compiled-in revocation X.509 certificates
[    0.835063] Loaded X.509 cert 'Canonical Ltd. Secure Boot Signing: 61482aa2830d0ab2ad5af10b7250da9033ddcef0'
[    0.837646] zswap: loaded using pool lzo/zbud
[    0.843099] Key type big_key registered
[    0.844153] Key type trusted registered
[    0.847581] Key type encrypted registered
[    0.848635] AppArmor: AppArmor sha1 policy hashing enabled
[    0.849818] ima: No TPM chip found, activating TPM-bypass! (rc=-19)
[    0.851215] ima: Allocated hash algorithm: sha1
[    0.852454] evm: HMAC attrs: 0x1
[    0.853712]   Magic number: 14:220:669
[    0.854850] rtc_cmos rtc_cmos: setting system clock to 2022-03-21 05:40:32 UTC (1647841232)
[    0.857299] BIOS EDD facility v0.16 2004-Jun-25, 0 devices found
[    0.858619] EDD information not available.
[    0.962180] Freeing unused kernel image memory: 2476K
[    1.000707] Write protecting the kernel read-only data: 20480k
[    1.002839] Freeing unused kernel image memory: 2008K
[    1.004409] Freeing unused kernel image memory: 1820K
[    1.014378] x86/mm: Checked W+X mappings: passed, no W+X pages found.
[    1.015821] x86/mm: Checking user space page tables
[    1.025605] x86/mm: Checked W+X mappings: passed, no W+X pages found.
Loading, please wait...
starting version 237
[    1.127090] Fusion MPT base driver 3.04.20
[    1.128401] Copyright (c) 1999-2008 LSI Corporation
[    1.148657] AVX2 version of gcm_enc/dec engaged.
[    1.149941] AES CTR mode by8 optimization enabled
[    1.153912] e1000: Intel(R) PRO/1000 Network Driver - version 7.3.21-k8-NAPI
[    1.155487] e1000: Copyright (c) 1999-2006 Intel Corporation.
[    1.163760] Fusion MPT SPI Host driver 3.04.20
[    1.334393] input: ImExPS/2 Generic Explorer Mouse as /devices/platform/i8042/serio1/input/input4
[    1.598827] e1000 0000:00:03.0 eth0: (PCI:33MHz:32-bit) 02:c8:d3:21:ca:c6
[    1.601604] e1000 0000:00:03.0 eth0: Intel(R) PRO/1000 Network Connection
[    1.615522] mptbase: ioc0: Initiating bringup
[    1.616996] e1000 0000:00:03.0 enp0s3: renamed from eth0
[    1.716276] ioc0: LSI53C1030 A0: Capabilities={Initiator}
[    1.972355] scsi host2: ioc0: LSI53C1030 A0, FwRev=00000000h, Ports=1, MaxQ=256, IRQ=20
[    2.141031] scsi 2:0:0:0: Direct-Access     VBOX     HARDDISK         1.0  PQ: 0 ANSI: 5
[    2.425361] scsi target2:0:0: Beginning Domain Validation
[    2.429246] scsi target2:0:0: Domain Validation skipping write tests
[    2.430639] scsi target2:0:0: Ending Domain Validation
[    2.431849] scsi target2:0:0: asynchronous
[    2.433220] scsi 2:0:1:0: Direct-Access     VBOX     HARDDISK         1.0  PQ: 0 ANSI: 5
[    3.086949] scsi target2:0:1: Beginning Domain Validation
[    3.090349] random: fast init done
[    3.091640] scsi target2:0:1: Domain Validation skipping write tests
[    3.093057] scsi target2:0:1: Ending Domain Validation
[    3.094286] scsi target2:0:1: asynchronous
[    3.100969] random: systemd-udevd: uninitialized urandom read (16 bytes read)
[    3.103519] random: systemd-udevd: uninitialized urandom read (16 bytes read)
[    3.105004] random: systemd-udevd: uninitialized urandom read (16 bytes read)
[    3.107008] sd 2:0:0:0: Attached scsi generic sg0 type 0
[    3.108420] sd 2:0:0:0: [sda] 83886080 512-byte logical blocks: (42.9 GB/40.0 GiB)
[    3.108859] sd 2:0:1:0: Attached scsi generic sg1 type 0
[    3.111462] sd 2:0:0:0: [sda] Write Protect is off
[    3.112855] sd 2:0:1:0: [sdb] 20480 512-byte logical blocks: (10.5 MB/10.0 MiB)
[    3.114458] sd 2:0:0:0: [sda] Incomplete mode parameter data
[    3.115657] sd 2:0:0:0: [sda] Assuming drive cache: write through
[    3.116082] sd 2:0:1:0: [sdb] Write Protect is off
[    3.118196] sd 2:0:1:0: [sdb] Incomplete mode parameter data
[    3.119544] sd 2:0:1:0: [sdb] Assuming drive cache: write through
[    3.393022]  sda: sda1
[    3.395397] sd 2:0:0:0: [sda] Attached SCSI disk
[    3.508947] sd 2:0:1:0: [sdb] Attached SCSI disk
Begin: Loading essential drivers ... [    5.688263] raid6: sse2x1   gen() 11384 MB/s
[    5.736576] raid6: sse2x1   xor()  8426 MB/s
[    5.784366] raid6: sse2x2   gen() 14027 MB/s
[    5.832302] raid6: sse2x2   xor()  8374 MB/s
[    5.880064] raid6: sse2x4   gen() 14184 MB/s
[    5.928326] raid6: sse2x4   xor()  9672 MB/s
[    5.976177] raid6: avx2x1   gen() 21967 MB/s
[    6.024491] raid6: avx2x1   xor() 15551 MB/s
[    6.072308] raid6: avx2x2   gen() 26687 MB/s
[    6.120151] raid6: avx2x2   xor() 17079 MB/s
[    6.168382] raid6: avx2x4   gen() 30897 MB/s
[    6.216072] raid6: avx2x4   xor() 18088 MB/s
[    6.217058] raid6: using algorithm avx2x4 gen() 30897 MB/s
[    6.218321] raid6: .... xor() 18088 MB/s, rmw enabled
[    6.219610] raid6: using avx2x2 recovery algorithm
[    6.222006] xor: automatically using best checksumming function   avx       
[    6.225282] async_tx: api initialized (async)
done.
Begin: Running /scripts/init-premount ... done.
Begin: Mounting root file system ... Begin: Running /scripts/local-top ... done.
Begin: Running /scripts/local-premount ... [    6.273856] Btrfs loaded, crc32c=crc32c-intel
Scanning for Btrfs filesystems
done.
Warning: fsck not present, so skipping root file system
[    6.768449] EXT4-fs (sda1): mounted filesystem with ordered data mode. Opts: (null)
done.
Begin: Running /scripts/local-bottom ... done.
Begin: Running /scripts/init-bottom ... done.
[    7.877084] random: crng init done
[    7.878020] random: 7 urandom warning(s) missed due to ratelimiting
[    8.270324] ip_tables: (C) 2000-2006 Netfilter Core Team
[    8.362406] systemd[1]: systemd 237 running in system mode. (+PAM +AUDIT +SELINUX +IMA +APPARMOR +SMACK +SYSVINIT +UTMP +LIBCRYPTSETUP +GCRYPT +GNUTLS +ACL +XZ +LZ4 +SECCOMP +BLKID +ELFUTILS +KMOD -IDN2 +IDN -PCRE2 default-hierarchy=hybrid)
[    8.370216] systemd[1]: Detected virtualization oracle.
[    8.371974] systemd[1]: Detected architecture x86-64.

Welcome to [1mUbuntu 18.04.6 LTS[0m!

[    8.496470] systemd[1]: Set hostname to <ubuntu>.
[    8.531008] systemd[1]: Initializing machine ID from random generator.
[    8.532628] systemd[1]: Installed transient /etc/machine-id file.
[   10.322410] systemd[1]: Reached target User and Group Name Lookups.
[[0;32m  OK  [0m] Reached target User and Group Name Lookups.
[   10.326728] systemd[1]: Created slice User and Session Slice.
[[0;32m  OK  [0m] Created slice User and Session Slice.
[   10.329119] systemd[1]: Reached target Swap.
[[0;32m  OK  [0m] Reached target Swap.
[   10.330784] systemd[1]: Started Forward Password Requests to Wall Directory Watch.
[[0;32m  OK  [0m] Started Forward Password Requests to Wall Directory Watch.
[[0;32m  OK  [0m] Set up automount Arbitrary Executabâ€¦rmats File System Automount Point.
[[0;32m  OK  [0m] Created slice System Slice.
[[0;32m  OK  [0m] Reached target Slices.
[[0;32m  OK  [0m] Created slice system-serial\x2dgetty.slice.
[[0;32m  OK  [0m] Listening on udev Kernel Socket.
[[0;32m  OK  [0m] Listening on Journal Socket.
         Starting Load Kernel Modules...
         Starting Set the console keyboard layout...
[[0;32m  OK  [0m] Listening on Device-mapper event daemon FIFOs.
[[0;32m  OK  [0m] Listening on Journal Socket (/dev/log).
[   10.439454] Loading iSCSI transport class v2.0-870.
[[0;32m  OK  [0m] Listening on /dev/initctl Compatibility Named Pipe.
[[0;32m  OK  [0m] Listening on Journal Audit Socket.
         Starting Create list of required stâ€¦ce nodes for the current kernel...
         Mounting Kernel Debug File System...
         Mounting Huge Pages File System...
         Mounting POSIX Message Queue File System...
[[0;32m  OK  [0m] Listening on Network Service Netlink Socket.
[   10.498576] iscsi: registered transport (tcp)
[[0;32m  OK  [0m] Reached target System Time Synchronized.
[[0;32m  OK  [0m] Listening on Syslog Socket.
         Starting Journal Service...
[[0;32m  OK  [0m] Listening on LVM2 metadata daemon socket.
         Starting Monitoring of LVM2 mirrorsâ€¦ng dmeventd or progress polling...
         Starting Uncomplicated firewall...
[[0;32m  OK  [0m] Listening on udev Control Socket.
         Starting udev Coldplug all Devices...
[[0;32m  OK  [0m] Listening on LVM2 poll daemon socket.
[[0;32m  OK  [0m] Listening on fsck to fsckd communication Socket.
         Starting File System Check on Root Device...
[[0;32m  OK  [0m] Started Create list of required staâ€¦vice nodes for the current kernel.
         Starting Create Static Device Nodes in /dev...
[[0;32m  OK  [0m] Started Journal Service.
[[0;32m  OK  [0m] Started Uncomplicated firewall.
[[0;32m  OK  [0m] Started File System Check Daemon to report status.
[[0;32m  OK  [0m] Started File System Check on Root Device.
         Starting Remount Root and Kernel File Systems...
[[0;32m  OK  [0m] Started udev Coldplug all Devices.
[   10.934534] iscsi: registered transport (iser)
[[0;32m  OK  [0m] Started Load Kernel Modules.
[[0;32m  OK  [0m] Mounted Kernel Debug File System.
[[0;32m  OK  [0m] Mounted Huge Pages File System.
[[0;32m  OK  [0m] Mounted POSIX Message Queue File System.
         Mounting FUSE Control File System...
         Mounting Kernel Configuration File System...
         Starting Apply Kernel Variables...
[[0;32m  OK  [0m] Mounted FUSE Control File System.
[[0;32m  OK  [0m] Mounted Kernel Configuration File System.
[   11.708335] EXT4-fs (sda1): re-mounted. Opts: (null)
[[0;32m  OK  [0m] Started Remount Root and Kernel File Systems.
         Starting Flush Journal to Persistent Storage...
         Starting Load/Save Random Seed...
[   12.092570] systemd-journald[402]: Received request to flush runtime journal from PID 1
[[0;32m  OK  [0m] Started Load/Save Random Seed.
[[0;32m  OK  [0m] Started Apply Kernel Variables.
[[0;32m  OK  [0m] Started Flush Journal to Persistent Storage.
[[0;32m  OK  [0m] Started Create Static Device Nodes in /dev.
         Starting udev Kernel Device Manager...
[[0;32m  OK  [0m] Started LVM2 metadata daemon.
[[0;32m  OK  [0m] Started Monitoring of LVM2 mirrors,â€¦sing dmeventd or progress polling.
[[0;32m  OK  [0m] Started udev Kernel Device Manager.
[[0;32m  OK  [0m] Found device /dev/ttyS0.
[[0;32m  OK  [0m] Listening on Load/Save RF Kill Switch Status /dev/rfkill Watch.
[[0;32m  OK  [0m] Started Set the console keyboard layout.
[[0;32m  OK  [0m] Started Dispatch Password Requests to Console Directory Watch.
[[0;32m  OK  [0m] Reached target Local Encrypted Volumes.
[[0;32m  OK  [0m] Reached target Local File Systems (Pre).
[[0;32m  OK  [0m] Reached target Local File Systems.
         Starting ebtables ruleset management...
         Starting Commit a transient machine-id on disk...
         Starting Create Volatile Files and Directories...
         Starting Tell Plymouth To Write Out Runtime Data...
         Starting Set console font and keymap...
         Starting AppArmor initialization...
[[0;32m  OK  [0m] Started Create Volatile Files and Directories.
         Starting Update UTMP about System Boot/Shutdown...
[[0;32m  OK  [0m] Started Tell Plymouth To Write Out Runtime Data.
[[0;32m  OK  [0m] Started Set console font and keymap.
[[0;32m  OK  [0m] Started Update UTMP about System Boot/Shutdown.
[[0;32m  OK  [0m] Started Commit a transient machine-id on disk.
[[0;32m  OK  [0m] Started ebtables ruleset management.
[[0;32m  OK  [0m] Started AppArmor initialization.
         Starting Initial cloud-init job (pre-networking)...
         Starting Load AppArmor profiles managed internally by snapd...
[[0;32m  OK  [0m] Started Load AppArmor profiles managed internally by snapd.
[   22.305095] cloud-init[623]: Cloud-init v. 21.4-0ubuntu1~18.04.1 running 'init-local' at Mon, 21 Mar 2022 05:40:53 +0000. Up 21.51 seconds.
[[0;32m  OK  [0m] Started Initial cloud-init job (pre-networking).
[[0;32m  OK  [0m] Reached target Network (Pre).
         Starting Network Service...
[[0;32m  OK  [0m] Started Network Service.
         Starting Network Name Resolution...
         Starting Wait for Network to be Configured...
[[0;32m  OK  [0m] Started Network Name Resolution.
[[0;32m  OK  [0m] Reached target Host and Network Name Lookups.
[[0;32m  OK  [0m] Reached target Network.
[[0;32m  OK  [0m] Started Wait for Network to be Configured.
         Starting Initial cloud-init job (metadata service crawler)...
[   25.473828] cloud-init[769]: Cloud-init v. 21.4-0ubuntu1~18.04.1 running 'init' at Mon, 21 Mar 2022 05:40:56 +0000. Up 25.06 seconds.
[   25.484505] cloud-init[769]: ci-info: ++++++++++++++++++++++++++++++++++++++Net device info++++++++++++++++++++++++++++++++++++++
[   25.496343] cloud-init[769]: ci-info: +--------+------+----------------------------+---------------+--------+-------------------+
[   25.498027] cloud-init[769]: ci-info: | Device |  Up  |          Address           |      Mask     | Scope  |     Hw-Address    |
[   25.500102] cloud-init[769]: ci-info: +--------+------+----------------------------+---------------+--------+-------------------+
[   25.502830] cloud-init[769]: ci-info: | enp0s3 | True |         10.0.2.15          | 255.255.255.0 | global | 02:c8:d3:21:ca:c6 |
[   25.505626] cloud-init[769]: ci-info: | enp0s3 | True | fe80::c8:d3ff:fe21:cac6/64 |       .       |  link  | 02:c8:d3:21:ca:c6 |
[   25.508224] cloud-init[769]: ci-info: |   lo   | True |         127.0.0.1          |   255.0.0.0   |  host  |         .         |
[   25.510982] cloud-init[769]: ci-info: |   lo   | True |          ::1/128           |       .       |  host  |         .         |
[   25.513216] cloud-init[769]: ci-info: +--------+------+----------------------------+---------------+--------+-------------------+
[   25.515955] cloud-init[769]: ci-info: ++++++++++++++++++++++++++++Route IPv4 info+++++++++++++++++++++++++++++
[   25.518101] cloud-init[769]: ci-info: +-------+-------------+----------+-----------------+-----------+-------+
[   25.520067] cloud-init[769]: ci-info: | Route | Destination | Gateway  |     Genmask     | Interface | Flags |
[   25.522505] cloud-init[769]: ci-info: +-------+-------------+----------+-----------------+-----------+-------+
[   25.524470] cloud-init[769]: ci-info: |   0   |   0.0.0.0   | 10.0.2.2 |     0.0.0.0     |   enp0s3  |   UG  |
[   25.526460] cloud-init[769]: ci-info: |   1   |   10.0.2.0  | 0.0.0.0  |  255.255.255.0  |   enp0s3  |   U   |
[   25.528748] cloud-init[769]: ci-info: |   2   |   10.0.2.2  | 0.0.0.0  | 255.255.255.255 |   enp0s3  |   UH  |
[   25.530870] cloud-init[769]: ci-info: +-------+-------------+----------+-----------------+-----------+-------+
[   25.533257] cloud-init[769]: ci-info: +++++++++++++++++++Route IPv6 info+++++++++++++++++++
[   25.534985] cloud-init[769]: ci-info: +-------+-------------+---------+-----------+-------+
[   25.536886] cloud-init[769]: ci-info: | Route | Destination | Gateway | Interface | Flags |
[   25.540756] cloud-init[769]: ci-info: +-------+-------------+---------+-----------+-------+
[   25.552634] cloud-init[769]: ci-info: |   1   |  fe80::/64  |    ::   |   enp0s3  |   U   |
[   25.554824] cloud-init[769]: ci-info: |   3   |    local    |    ::   |   enp0s3  |   U   |
[   25.556616] cloud-init[769]: ci-info: |   4   |   ff00::/8  |    ::   |   enp0s3  |   U   |
[   25.557986] cloud-init[769]: ci-info: +-------+-------------+---------+-----------+-------+
[   32.571910] cloud-init[769]: Generating public/private rsa key pair.
[   32.572908] cloud-init[769]: Your identification has been saved in /etc/ssh/ssh_host_rsa_key.
[   32.574394] cloud-init[769]: Your public key has been saved in /etc/ssh/ssh_host_rsa_key.pub.
[   32.575967] cloud-init[769]: The key fingerprint is:
[   32.576992] cloud-init[769]: SHA256:bxcvcNgxsiqULW3p6ZW51EvmaXSlK7Sw5LwPGwm4fQY root@ubuntu-bionic
[   32.578863] cloud-init[769]: The key's randomart image is:
[   32.580629] cloud-init[769]: +---[RSA 2048]----+
[   32.592620] cloud-init[769]: |                 |
[   32.593326] cloud-init[769]: |                 |
[   32.604691] cloud-init[769]: |          . o    |
[   32.605346] cloud-init[769]: |       = . = o  .|
[   32.606074] cloud-init[769]: |      = E + +  o |
[   32.617417] cloud-init[769]: |     . * *oBooo  |
[   32.628645] cloud-init[769]: |      o =+&=*o.. |
[   32.640536] cloud-init[769]: |       o *+X++.  |
[   32.641256] cloud-init[769]: |        . ++=.   |
[[   32.652287] [0;32m  OK  [0mcloud-init[769]: ] +----[SHA256]-----+Started Initial cloud-init job (metadata service crawler).

[   32.652399] cloud-init[769]: Generating public/private dsa key pair.
[[0;32m  OK  [0m] Reached target Network is Online.
[   32.665724] cloud-init[769]: Your identification has been saved in /etc/ssh/ssh_host_dsa_key.
[   32.678073] cloud-init[769]: Your public key has been saved in /etc/ssh/ssh_host_dsa_key.pub.
         Starting Availability of block devices...
[[0;32m  OK  [0m] Reached target Remote File Systems (Pre).
[[0;32m  OK  [0m] Reached target Remote File Systems.
[[0;32m  OK  [0m] Reached target System Initialization.
[[0;32m  OK  [0m] Listening on Open-iSCSI iscsid Socket.
[[0;32m  OK  [0m] Listening on D-Bus System Message Bus Socket.
[[0;32m  OK  [0m] Started ACPI Events Check.
[[0;32m  OK  [0m] Started Message of the Day.
[   32.681328] cloud-init[769]: The key fingerprint is:
[   32.698718] cloud-init[769]: SHA256:IEIffAXSQUgnSQHIlAXk9/a6qwhNndjzWg2ghZfK/Bc root@ubuntu-bionic
[   32.712608] cloud-init[769]: The key's randomart image is:
[   32.728460] cloud-init[769]: +---[DSA 1024]----+
[   32.729090] cloud-init[769]: |+=**B*=+.        |
[   32.729531] cloud-init[769]: |o+ o+*o          |
[[0;32m  OK  [0m] Started Trigger to poll for Ubuntu â€¦(Only enabled on GCP LTS non-pro).
[   32.746336] [[0;32m  OK  [0m] Reached target Paths.
[[0;32m  OK  [0m] Started Daily apt download activities.
[[0;32m  OK  [0m] Listening on ACPID Listen Socket.
cloud-init[769]: | .o.B..          |
[[0;32m  OK  [0m] Listening on UUID daemon activation socket.
[[0;32m  OK  [0m] Listening on cloud-init hotplug hook socket.
[[0;32m  OK  [0m] Started Ubuntu Advantage Timer for running repeated jobs.
         Starting Socket activation for snappy daemon.
[   32.756407] cloud-init[769]: | o.X.+ .         |
         Starting LXD - unix socket.
[   32.775260] [[0;32m  OK  [0m] Started Daily Cleanup of Temporary Directories.
[[0;32m  OK  [0m] Started Daily apt upgrade and clean activities.
cloud-init[769]: |  B =oE S        |
[[0;32m  OK  [0m] Started Discard unused blocks once a week.
[[0;32m  OK  [0m] Reached target Timers.
[[0;32m  OK  [0m] Reached target Cloud-config availability.
[[0;32m  OK  [0m] Started Availability of block devices.
[[0;32m  OK  [0m] Listening on Socket activation for snappy daemon.
[[0;32m  OK  [0m] Listening on LXD - unix socket.
[[0;32m  OK  [0m] Reached target Sockets.
[[0;32m  OK  [0m] Reached target Basic System.
[   32.785380] cloud-init[769]: | o ..o.+         |
         Starting LXD - container startup/shutdown...
[   32.801061] cloud-init[769]: |. . . +..        |
         Starting Accounts Service...
[   32.813868] cloud-init[769]: |. .  +.          |         Starting System Logging Service...

[   32.817115] cloud-init[769]: | . .o+o          |
[   32.820234] cloud-init[769]: +----[SHA256]-----+
[   32.823694] cloud-init[769]: Generating public/private ecdsa key pair.
[   32.826197] cloud-init[769]: Your identification has been saved in /etc/ssh/ssh_host_ecdsa_key.
[   32.831072] cloud-init[769]: Your public key has been saved in /etc/ssh/ssh_host_ecdsa_key.pub.
[   32.835635] cloud-init[769]: The key fingerprint is:
[   32.837400] cloud-init[769]: SHA256:Vt6fJIM/s9iMRtp1Tl/zr2DOTSbfrwoEbpwQ21d2HUM root@ubuntu-bionic
[   32.848348] cloud-init[769]: The key's randomart image is:
[   32.849463] cloud-init[769]: +---[ECDSA 256]---+
[   32.849995] cloud-init[769]: |      .     o oE.|
[   32.861157] cloud-init[769]: |       +   o .  o|
[   32.862211] cloud-init[769]: |      o o o      |
[   32.863753] cloud-init[769]: |       + * o     |
[   32.865297] cloud-init[769]: |        S + + .  |
[   32.876559] cloud-init[769]: |       o ....=oo.|
[   32.878156] cloud-init[769]: |         +..B+=.+|
[   32.879763] cloud-init[769]: |        . oX @..o|
[   32.880898] cloud-init[769]: |         .o B.=o*|
[   32.881929] cloud-init[769]: +----[SHA256]-----+
[   32.883167] cloud-init[769]: Generating public/private ed25519 key pair.
[   32.884515] cloud-init[769]: Your identification has been saved in /etc/ssh/ssh_host_ed25519_key.
[   32.886987] cloud-init[769]: Your public key has been saved in /etc/ssh/ssh_host_ed25519_key.pub.
[   32.889170] cloud-init[769]: The key fingerprint is:
[   32.890569] cloud-init[769]: SHA256:YCg82mxvbeqk7/1qiphau5WDubBayooGInF/YlOmCxo root@ubuntu-bionic
[   32.892361] cloud-init[769]: The key's randomart image is:
[   32.893591] cloud-init[769]: +--[ED25519 256]--+
[   32.894596] cloud-init[769]: |                 |
[   32.895573] cloud-init[769]: | .   .           |
[   32.896587] cloud-init[769]: |  + . o          |
[   32.897546] cloud-init[769]: |.+.o .o.         |
[   32.898495] cloud-init[769]: |.o+. +  S        |
[   32.899460] cloud-init[769]: |E..+*o.          |
[   32.900482] cloud-init[769]: |=o=oB=o          |
[   32.901798] cloud-init[769]: |+X O.=.          |
[   32.906420] cloud-init[769]: |#.*=*ooo.        |
[   32.910262] cloud-init[769]: +----[SHA256]-----+
[[0;32m  OK  [0m] Started Regular background program processing daemon.
         Starting Virtualbox guest utils...
         Starting Permit User Sessions...
         Starting Pollinate to seed the pseudo random number generator...
         Starting LSB: automatic crash report generation...
         Starting Dispatcher daemon for systemd-networkd...
         Starting Login Service...
         Starting LSB: Record successful boot for GRUB...
[[0;32m  OK  [0m] Started D-Bus System Message Bus.
[[0;32m  OK  [0m] Started FUSE filesystem for LXC.
[[0;32m  OK  [0m] Started Deferred execution scheduler.
[[0;32m  OK  [0m] Started irqbalance daemon.
         Starting Snap Daemon...
[[0;32m  OK  [0m] Started System Logging Service.
[[0;32m  OK  [0m] Started Permit User Sessions.
[[0;32m  OK  [0m] Started Login Service.
         Starting Authorization Manager...
[[0;32m  OK  [0m] Started Unattended Upgrades Shutdown.
         Starting Hold until boot process finishes up...
         Starting Terminate Plymouth Boot Screen...
[[0;32m  OK  [0m] Started Hold until boot process finishes up.
         Starting Set console scheme...
[[0;32m  OK  [0m] Started Serial Getty on ttyS0.
[[0;32m  OK  [0m] Started Terminate Plymouth Boot Screen.
[[0;32m  OK  [0m] Started Set console scheme.
[[0;32m  OK  [0m] Created slice system-getty.slice.
[[0;32m  OK  [0m] Started Getty on tty1.
[[0;32m  OK  [0m] Reached target Login Prompts.
[[0;32m  OK  [0m] Started LSB: automatic crash report generation.
[[0;32m  OK  [0m] Started Authorization Manager.
[[0;32m  OK  [0m] Started Accounts Service.
[[0;32m  OK  [0m] Started LSB: Record successful boot for GRUB.
[[0;32m  OK  [0m] Started Dispatcher daemon for systemd-networkd.
[[0;32m  OK  [0m] Started Virtualbox guest utils.

Ubuntu 18.04.6 LTS ubuntu-bionic ttyS0

ubuntu-bionic login: [   51.877969] cloud-init[1470]: Cloud-init v. 21.4-0ubuntu1~18.04.1 running 'modules:config' at Mon, 21 Mar 2022 05:41:19 +0000. Up 47.51 seconds.
ci-info: no authorized SSH keys fingerprints found for user ubuntu.
<14>Mar 21 05:41:24 cloud-init: #############################################################
<14>Mar 21 05:41:24 cloud-init: -----BEGIN SSH HOST KEY FINGERPRINTS-----
<14>Mar 21 05:41:24 cloud-init: 1024 SHA256:IEIffAXSQUgnSQHIlAXk9/a6qwhNndjzWg2ghZfK/Bc root@ubuntu-bionic (DSA)
<14>Mar 21 05:41:24 cloud-init: 256 SHA256:Vt6fJIM/s9iMRtp1Tl/zr2DOTSbfrwoEbpwQ21d2HUM root@ubuntu-bionic (ECDSA)
<14>Mar 21 05:41:24 cloud-init: 256 SHA256:YCg82mxvbeqk7/1qiphau5WDubBayooGInF/YlOmCxo root@ubuntu-bionic (ED25519)
<14>Mar 21 05:41:24 cloud-init: 2048 SHA256:bxcvcNgxsiqULW3p6ZW51EvmaXSlK7Sw5LwPGwm4fQY root@ubuntu-bionic (RSA)
<14>Mar 21 05:41:24 cloud-init: -----END SSH HOST KEY FINGERPRINTS-----
<14>Mar 21 05:41:24 cloud-init: #############################################################
-----BEGIN SSH HOST KEY KEYS-----
ecdsa-sha2-nistp256 AAAAE2VjZHNhLXNoYTItbmlzdHAyNTYAAAAIbmlzdHAyNTYAAABBBIrqL3xCweOnH0WDGnM8x2ROoax4kU/b3chaQfwGE+W6tdUEdvxtzxzL0Iz6v/g2gngDm75NFXQ0PYF/DNoiK2I= root@ubuntu-bionic
ssh-ed25519 AAAAC3NzaC1lZDI1NTE5AAAAILC/ibcjL8PvmhATDSoRE7qWUlgVgPIcnDBuHzQT5RdT root@ubuntu-bionic
ssh-rsa AAAAB3NzaC1yc2EAAAADAQABAAABAQDNb16O8+VGBjBz6mwCGAi1u20Dj9mvU1IxdEfmbuxmK/aa1kV0uvNZI/kw08zouYH4ga2zov0+uAS7VHYD+AVPTYQaqpZdgjwNw3/MMLP0NUWYUFb1wRURD+SgI2EKxB8lkMf2Ioth1izI2INZYjJ12MeYzmVzD4iBwqQ9jNB7gbe50XAqbuGQI5Jp+5zsGzGilggYW9+bYJbU//gZMvgiKUwBu8Q8UAolpG+2U1CwF+gTJFh1yLI3i3AGGFDFXptajTRXSaPAaZl2gw1piOIDiywqS/2MjIfElN0zk5NalCJnlqpw4trDy7iv6y/jPaIxfS0hlp3i+tCi90Ug9y11 root@ubuntu-bionic
-----END SSH HOST KEY KEYS-----
[   53.091722] cloud-init[1565]: Cloud-init v. 21.4-0ubuntu1~18.04.1 running 'modules:final' at Mon, 21 Mar 2022 05:41:24 +0000. Up 52.61 seconds.
[   53.091923] cloud-init[1565]: ci-info: no authorized SSH keys fingerprints found for user ubuntu.
[   53.092467] cloud-init[1565]: Cloud-init v. 21.4-0ubuntu1~18.04.1 finished at Mon, 21 Mar 2022 05:41:24 +0000. Datasource DataSourceNoCloud [seed=/dev/sdb][dsmode=net].  Up 53.08 seconds
